# started on Wed Sep 20 13:54:37 2023

